// Jest Snapshot v1, https://goo.gl/fbAQLP

exports[`Platform.OS works as expected 1`] = `"ios"`;
