// Jest Snapshot v1, https://goo.gl/fbAQLP

exports[`SignUp renders correctly 1`] = `
<View
  style={
    Object {
      "flex": 1,
    }
  }
>
  <View
    style={
      Object {
        "marginBottom": 48,
        "marginHorizontal": 30,
      }
    }
  >
    <View
      style={
        Object {
          "marginTop": 32,
        }
      }
    >
      <Text
        style={
          Object {
            "color": "#8A8F9E",
            "fontSize": 10,
            "textTransform": "uppercase",
          }
        }
      >
        First Name
      </Text>
      <TextInput
        allowFontScaling={true}
        onChangeText={[Function]}
        rejectResponderTermination={true}
        style={
          Object {
            "borderBottomColor": "#8A8F9E",
            "borderBottomWidth": 0.5,
            "color": "#8A8F9E",
            "fontSize": 15,
            "height": 40,
          }
        }
        underlineColorAndroid="transparent"
        value=""
      />
    </View>
    <View
      style={
        Object {
          "marginTop": 5,
        }
      }
    >
      <Text
        style={
          Object {
            "color": "#8A8F9E",
            "fontSize": 10,
            "textTransform": "uppercase",
          }
        }
      >
        email
      </Text>
      <TextInput
        allowFontScaling={true}
        onChangeText={[Function]}
        rejectResponderTermination={true}
        style={
          Object {
            "borderBottomColor": "#8A8F9E",
            "borderBottomWidth": 0.5,
            "color": "#8A8F9E",
            "fontSize": 15,
            "height": 40,
          }
        }
        underlineColorAndroid="transparent"
        value=""
      />
    </View>
    <View
      style={
        Object {
          "marginTop": 5,
        }
      }
    >
      <Text
        style={
          Object {
            "color": "#8A8F9E",
            "fontSize": 10,
            "textTransform": "uppercase",
          }
        }
      >
        verify email
      </Text>
      <TextInput
        allowFontScaling={true}
        onChangeText={[Function]}
        rejectResponderTermination={true}
        style={
          Object {
            "borderBottomColor": "#8A8F9E",
            "borderBottomWidth": 0.5,
            "color": "#8A8F9E",
            "fontSize": 15,
            "height": 40,
          }
        }
        underlineColorAndroid="transparent"
        value=""
      />
    </View>
    <View
      style={
        Object {
          "marginTop": 5,
        }
      }
    >
      <Text
        style={
          Object {
            "color": "#8A8F9E",
            "fontSize": 10,
            "textTransform": "uppercase",
          }
        }
      >
        Password
      </Text>
      <TextInput
        allowFontScaling={true}
        onChangeText={[Function]}
        rejectResponderTermination={true}
        secureTextEntry={true}
        style={
          Object {
            "borderBottomColor": "#8A8F9E",
            "borderBottomWidth": 0.5,
            "color": "#8A8F9E",
            "fontSize": 15,
            "height": 40,
          }
        }
        underlineColorAndroid="transparent"
        value=""
      />
    </View>
    <View
      style={
        Object {
          "marginTop": 5,
        }
      }
    >
      <Text
        style={
          Object {
            "color": "#8A8F9E",
            "fontSize": 10,
            "textTransform": "uppercase",
          }
        }
      >
        verify Password
      </Text>
      <TextInput
        allowFontScaling={true}
        onChangeText={[Function]}
        rejectResponderTermination={true}
        secureTextEntry={true}
        style={
          Object {
            "borderBottomColor": "#8A8F9E",
            "borderBottomWidth": 0.5,
            "color": "#8A8F9E",
            "fontSize": 15,
            "height": 40,
          }
        }
        underlineColorAndroid="transparent"
        value=""
      />
    </View>
    <RNGestureHandlerButton
      collapsable={false}
      onGestureEvent={[Function]}
      onGestureHandlerEvent={[Function]}
      onGestureHandlerStateChange={[Function]}
      onHandlerStateChange={[Function]}
      rippleColor={0}
      style={
        Array [
          Object {
            "overflow": "hidden",
          },
          undefined,
        ]
      }
    >
      <View
        accessible={true}
        style={
          Object {
            "alignItems": "center",
            "backgroundColor": "#80bf98",
            "borderRadius": 4,
            "height": 52,
            "justifyContent": "center",
            "marginHorizontal": 30,
            "marginTop": 20,
            "opacity": 1,
          }
        }
      >
        <Text
          style={
            Object {
              "color": "#FFF",
            }
          }
        >
          Sign up
        </Text>
      </View>
    </RNGestureHandlerButton>
    <RNGestureHandlerButton
      collapsable={false}
      onGestureEvent={[Function]}
      onGestureHandlerEvent={[Function]}
      onGestureHandlerStateChange={[Function]}
      onHandlerStateChange={[Function]}
      rippleColor={0}
      style={
        Array [
          Object {
            "overflow": "hidden",
          },
          undefined,
        ]
      }
    >
      <View
        accessible={true}
        style={
          Object {
            "alignSelf": "center",
            "marginTop": 15,
            "opacity": 1,
          }
        }
      >
        <Text
          style={
            Object {
              "color": "#414959",
              "fontSize": 15,
            }
          }
        >
          Already have an account? 
          <Text
            style={
              Object {
                "color": "orange",
                "fontWeight": "500",
              }
            }
          >
            Sign in
          </Text>
        </Text>
      </View>
    </RNGestureHandlerButton>
  </View>
</View>
`;
